ERC report (2026-08-17T10:37:21, Encoding UTF8)

***** Sheet /
[lib_symbol_mismatch]: Symbol 'Thermistor_NTC' doesn't match copy in library 'Device'
    ; warning
    @(0.9779 mm, 0.8255 mm): Symbol TH1 [Thermistor_NTC]

[lib_symbol_mismatch]: Symbol 'LED' doesn't match copy in library 'Device'
    ; warning
    @(1.4986 mm, 0.8128 mm): Symbol D12 [LED]

[lib_symbol_mismatch]: Symbol 'LED' doesn't match copy in library 'Device'
    ; warning
    @(1.9812 mm, 0.8128 mm): Symbol D13 [LED]

***** Sheet /Block Diagram/
***** Sheet /Project Architecture/
***** Sheet /Project Architecture/MCU - Power/
***** Sheet /Project Architecture/MCU - IOs/
***** Sheet /Project Architecture/Power - Generation/
***** Sheet /Project Architecture/Power - Connectors/
***** Sheet /Project Architecture/Motor Control - Top Level/
***** Sheet /Project Architecture/Motor Control - Top Level/Motor Control - Inverter/
***** Sheet /Project Architecture/Misc - Board Version, DAC/
***** Sheet /Project Architecture/User - LED Indicators/
***** Sheet /Project Architecture/Sensing - Temperature/
***** Sheet /Project Architecture/Sensing - Battery/
***** Sheet /Project Architecture/Sensing - Position/
***** Sheet /Project Architecture/Interface - RS-422/
***** Sheet /Project Architecture/Interface - FD-CAN/
***** Sheet /Project Architecture/Interface - Fan Control/
***** Sheet /Project Architecture/Interface - Interconnects/
***** Sheet /Project Architecture/Misc - Holes, Fiducials/
***** Sheet /Power - Sequencing/
***** Sheet /Revision History/
 ** ERC messages: 3  Errors 0  Warnings 3
